<html>
<body>
<pre>
<h1>µVision Build Log</h1>
<h2>Project:</h2>
F:\000000000000000000\My Project\RBT6\Pro1\Project\pro1.uvproj
Project File Date:  08/04/2013

<h2>Output:</h2>
Build target 'Target 1'
compiling main.c...
..\User\main.c(3): warning:  #951-D: return type of function "main" must be "int"
..\User\main.c(6): warning:  #1-D: last line of file ends without a newline
compiling stm32f10x_it.c...
compiling core_cm3.c...
assembling startup_stm32f10x_md.s...
compiling system_stm32f10x.c...
compiling stm32f10x_rcc.c...
compiling stm32f10x_gpio.c...
linking...
Program Size: Code=364 RO-data=252 RW-data=0 ZI-data=2400  
".\OBJ\pro1.axf" - 0 Error(s), 2 Warning(s).
Build target 'Target 1'
compiling main.c...
..\User\main.c(6): warning:  #1-D: last line of file ends without a newline
linking...
Program Size: Code=364 RO-data=252 RW-data=0 ZI-data=2400  
".\OBJ\pro1.axf" - 0 Error(s), 1 Warning(s).
Build target 'Target 1'
compiling main.c...
linking...
Program Size: Code=364 RO-data=252 RW-data=0 ZI-data=2400  
".\OBJ\pro1.axf" - 0 Error(s), 0 Warning(s).
